101010
102010
201005
301003
301020
202008
202003
